Archive member included to satisfy reference by file (symbol)

include_lib/liba/br23/cpu.a(crc16.o)
                              obj/Release/cpu/br23/setup.o (symbol from plugin) (__crc16_mutex_init)
include_lib/liba/br23/cpu.a(uart.o)
                              obj/Release/cpu/br23/adc_api.o (symbol from plugin) (delay)
include_lib/liba/br23/cpu.a(clock.o)
                              obj/Release/apps/spp_and_le/app_at_com.o (symbol from plugin) (clk_get)
include_lib/liba/br23/cpu.a(gpio.o)
                              obj/Release/apps/spp_and_le/board/br23/board_ac695x_demo.o (symbol from plugin) (usb_iomode)
include_lib/liba/br23/cpu.a(timer.o)
                              obj/Release/apps/spp_and_le/at_uart.o (symbol from plugin) (timer_get_ms)
include_lib/liba/br23/cpu.a(debug.o)
                              obj/Release/cpu/br23/setup.o (symbol from plugin) (debug_init)
include_lib/liba/br23/cpu.a(wdt.o)
                              obj/Release/cpu/br23/setup.o (symbol from plugin) (wdt_close)
include_lib/liba/br23/cpu.a(efuse.o)
                              obj/Release/cpu/br23/charge.o (symbol from plugin) (get_vbat_trim)
include_lib/liba/br23/cpu.a(p33.o)
                              obj/Release/cpu/br23/adc_api.o (symbol from plugin) (p33_and_1byte)
include_lib/liba/br23/cpu.a(power_hw.o)
                              obj/Release/apps/common/ble/le_at_com.o (symbol from plugin) (p33_soft_reset)
include_lib/liba/br23/cpu.a(power_wakeup.o)
                              power_hw.o (symbol from plugin) (__hw_wakeup_port_init)
include_lib/liba/br23/cpu.a(lrc_hw.o)
                              power_hw.o (symbol from plugin) (__get_lrc_hz)
include_lib/liba/br23/cpu.a(fm_rf.o)
                              obj/Release/cpu/br23/setup.o (symbol from plugin) (fm_set_osc_cap)
include_lib/liba/br23/cpu.a(startup.o)
                              (_start)
include_lib/liba/br23/cpu.a(vm.o)
                              include_lib/liba/br23/cpu.a(startup.o) (spi_for_maskrom_init)
include_lib/liba/br23/cpu.a(rtc.o)
                              power_wakeup.o (symbol from plugin) (rtc_wakup_source)
include_lib/liba/br23/cpu.a(lp_timer_hw.o)
                              power_hw.o (symbol from plugin) (__hw_nv_timer0_dump)
include_lib/liba/br23/cpu.a(misc_hw.o)
                              power_hw.o (symbol from plugin) (watchdog_close)
include_lib/liba/br23/cpu.a(encryption.o)
                              vm.o (symbol from plugin) (doe)
include_lib/liba/br23/system.a(os_api.o)
                              obj/Release/cpu/br23/uart_dev.o (symbol from plugin) (os_time_dly)
include_lib/liba/br23/system.a(tasks.o)
                              os_api.o (symbol from plugin) (xTaskCreate)
include_lib/liba/br23/system.a(list.o)
                              tasks.o (symbol from plugin) (vListInitialise)
include_lib/liba/br23/system.a(main.o)
                              tasks.o (symbol from plugin) (vApplicationIdleHook)
include_lib/liba/br23/system.a(queue.o)
                              os_api.o (symbol from plugin) (xQueueGenericReset)
include_lib/liba/br23/system.a(app_core.o)
                              obj/Release/apps/spp_and_le/app_main.o (symbol from plugin) (start_app)
include_lib/liba/br23/system.a(syscfg_api.o)
                              obj/Release/apps/spp_and_le/user_cfg.o (symbol from plugin) (syscfg_read)
include_lib/liba/br23/system.a(cfg_btif.o)
                              syscfg_api.o (symbol from plugin) (syscfg_btif_enable)
include_lib/liba/br23/system.a(sbrk.o)
                              obj/Release/cpu/br23/setup.o (symbol from plugin) (memory_init)
include_lib/liba/br23/system.a(port.o)
                              obj/Release/apps/common/update.o (symbol from plugin) (local_irq_disable)
include_lib/liba/br23/system.a(hwi.o)
                              obj/Release/cpu/br23/adc_api.o (symbol from plugin) (request_irq)
include_lib/liba/br23/system.a(heap_mmu.o)
                              tasks.o (symbol from plugin) (pvPortMalloc)
include_lib/liba/br23/system.a(vmalloc.o)
                              sbrk.o (symbol from plugin) (vmm_init_)
include_lib/liba/br23/system.a(pmalloc.o)
                              sbrk.o (symbol from plugin) (pmalloc_init)
include_lib/liba/br23/system.a(memory.o)
                              obj/Release/apps/common/ble/le_at_com.o (symbol from plugin) (malloc)
include_lib/liba/br23/system.a(device_api.o)
                              obj/Release/apps/spp_and_le/board/br23/board_ac695x_demo.o (symbol from plugin) (devices_init)
include_lib/liba/br23/system.a(event.o)
                              obj/Release/apps/spp_and_le/at_uart.o (symbol from plugin) (sys_event_notify)
include_lib/liba/br23/system.a(sdfile_new.o)
                              cfg_btif.o (symbol from plugin) (sdfile_cpu_addr2flash_addr)
include_lib/liba/br23/system.a(init.o)
                              include_lib/liba/br23/cpu.a(startup.o) (boot_info_init)
[...]
Memory Configuration

Name             Origin             Length             Attributes
psram            0x00800000         0x00200000         xrw
code0            0x01e000c0         0x00100000         xr
ram0             0x00000000         0x0002bf00         xrw
ram1             0x0002c000         0x00003f80         xrw
*default*        0x00000000         0xffffffff

Linker script and memory map

LOAD obj/Release/apps/common/ble/le_at_com.o
LOAD cpu\br23\tools\sdk.elf.o
LOAD obj/Release/apps/common/ble/le_client_demo.o
LOAD obj/Release/apps/common/ble/le_trans_data.o
LOAD obj/Release/apps/common/ble/mesh_config.o
LOAD obj/Release/apps/common/ble/mesh_onoff_app.o
LOAD obj/Release/apps/common/ble/resample_8.o
LOAD obj/Release/apps/common/edr/spp_at_com.o
LOAD obj/Release/apps/common/edr/spp_trans_data.o
LOAD obj/Release/apps/common/edr/spp_user.o
LOAD obj/Release/apps/common/key/adkey.o
LOAD obj/Release/apps/common/key/iokey.o
LOAD obj/Release/apps/common/key/key_driver.o
LOAD obj/Release/apps/common/third_party_profile/common/custom_cfg.o
LOAD obj/Release/apps/common/third_party_profile/JL_rcsp/rcsp_bluetooth.o
LOAD obj/Release/apps/common/third_party_profile/JL_rcsp/rcsp_user_update.o
LOAD obj/Release/apps/common/update.o
LOAD obj/Release/apps/common/update/rcsp_ch_loader_download.o
LOAD obj/Release/apps/debug.o
LOAD obj/Release/apps/spp_and_le/app_at_com.o
LOAD obj/Release/apps/spp_and_le/app_idle.o
LOAD obj/Release/apps/spp_and_le/app_main.o
LOAD obj/Release/apps/spp_and_le/app_spp_and_le.o
LOAD obj/Release/apps/spp_and_le/at_cmds.o
LOAD obj/Release/apps/spp_and_le/at_uart.o
LOAD obj/Release/apps/spp_and_le/board/br23/board_ac695x_demo.o
LOAD obj/Release/apps/spp_and_le/lib_config/lib_btctrler_config.o
LOAD obj/Release/apps/spp_and_le/lib_config/lib_driver_config.o
LOAD obj/Release/apps/spp_and_le/lib_config/lib_profile_config.o
LOAD obj/Release/apps/spp_and_le/lib_config/lib_system_config.o
LOAD obj/Release/apps/spp_and_le/lib_config/lib_update_config.o
LOAD obj/Release/apps/spp_and_le/log_config.o
LOAD obj/Release/apps/spp_and_le/misc.o
LOAD obj/Release/apps/spp_and_le/user_cfg.o
LOAD obj/Release/apps/spp_and_le/version.o
LOAD obj/Release/cpu/br23/adc_api.o
LOAD obj/Release/cpu/br23/charge.o
LOAD obj/Release/cpu/br23/chargestore.o
LOAD obj/Release/cpu/br23/ctmu.o
LOAD obj/Release/cpu/br23/iic_hw.o
LOAD obj/Release/cpu/br23/iic_soft.o
LOAD obj/Release/cpu/br23/mcpwm.o
LOAD obj/Release/cpu/br23/port_wkup.o
LOAD obj/Release/cpu/br23/pwm_led.o
LOAD obj/Release/cpu/br23/setup.o
LOAD obj/Release/cpu/br23/spi.o
LOAD obj/Release/cpu/br23/uart_dev.o
START GROUP
LOAD include_lib/liba/br23/cpu.a
LOAD include_lib/liba/br23/system.a
LOAD include_lib/liba/br23/btstack.a
LOAD include_lib/liba/br23/bt_ldotrim.a
LOAD include_lib/liba/br23/dac_trim_lib.a
LOAD include_lib/liba/br23/btctrler.a
LOAD include_lib/liba/br23/libpro_adpcm.a
LOAD include_lib/liba/br23/lib_resample_cal.a
LOAD include_lib/liba/br23/crypto_toolbox_Osize.a
LOAD include_lib/liba/br23/JL_rcsp.a
LOAD include_lib/liba/br23/agreement.a
END GROUP
LOAD include_lib/liba/br23/update.a
                0x0002c000                RAM1_LIMIT_L = 0x2c000
                0x00030000                RAM1_LIMIT_H = 0x30000
                0x00000080                UPDATA_SIZE = 0x80
                0x0002ff80                UPDATA_BEG = (RAM1_LIMIT_H - UPDATA_SIZE)
                0x0002c000                RAM1_BEGIN = RAM1_LIMIT_L
                0x0002ff80                RAM1_END = (RAM1_LIMIT_H - UPDATA_SIZE)
                0x00003f80                RAM1_SIZE = (RAM1_END - RAM1_BEGIN)
                0x00000000                RAM_LIMIT_L = 0x0
                0x0002c000                RAM_LIMIT_H = 0x2c000
                0x00000100                ISR_SIZE = 0x100
                0x0002bf00                ISR_BASE = (RAM_LIMIT_H - ISR_SIZE)
                0x00000000                RAM_BEGIN = RAM_LIMIT_L
                0x0002bf00                RAM_END = (RAM_LIMIT_H - ISR_SIZE)
                0x0002bf00                RAM_SIZE = (RAM_END - RAM_BEGIN)
                0x00001400                BANK_SIZE = 0x1400
                0x00800000                PSRAM_BEG = 0x800000
                0x00200000                PSRAM_SIZE = 0x200000
                0x01e000c0                CODE_BEG = 0x1e000c0
                0x000f9000                UPDATA_BREDR_BASE_BEG = 0xf9000
                0x0000000a                EQ_SECTION_NUM = 0xa
                0x001127a4                memmem = 0x1127a4
                0x001127a8                memcpy = 0x1127a8
                0x001127ac                memmove = 0x1127ac
                0x001127b0                memcmp = 0x1127b0
                0x001127b4                memset = 0x1127b4
                0x001127b8                strcmp = 0x1127b8
                0x001127bc                strcpy = 0x1127bc
                0x001127c0                strlen = 0x1127c0
                0x001127c4                strncmp = 0x1127c4
                0x001127c8                strstr = 0x1127c8
                0x001127cc                flush_dcache = 0x1127cc
                0x001127d0                flushinv_dcache = 0x1127d0
                0x001127d4                sfc_suspend = 0x1127d4
                0x001127d8                sfc_resume = 0x1127d8
                0x001127e0                chip_crc16 = 0x1127e0
                0x001127f0                nvram_set_boot_state = 0x1127f0
                0x0002bf00                _IRQ_MEM_ADDR = 0x2bf00
                0x0002bdc0                _MASK_MEM_BEGIN = 0x2bdc0
                0x0000012c                _MASK_MEM_SIZE = 0x12c
                0x00800000                . = ORIGIN (psram)

.psram_text     0x00800000        0x0

.psram
                0x01e000c0                . = ORIGIN (code0)

.text           0x01e000c0    0x2e1ec
                0x01e000c0                text_code_begin = .
                [!provide]                PROVIDE (text_rodata_begin, .)
 *startup.o(.text)
 .text          0x01e000c0       0x9a include_lib/liba/br23/cpu.a(startup.o)
                0x01e000c0                _start
                0x01e0015a                bank_stub_start = .
 *(.bank.stub.*)
                0x00000000                bank_stub_size = (. - bank_stub_start)
 *(.text*)
 .text          0x01e0015a     0x6f64 cpu\br23\tools\sdk.elf.o
                0x01e00a2e                update_result_get
                0x01e029e8                app_load_common_code
                0x01e033d4                exception_analyze
 .text          0x01e070be        0x0 include_lib/liba/br23/update.a(version.z.o)
 .text          0x01e070be        0x6 C:\JL\pi32\pi32v2-lib\r3\libc.a(lib_a-abs.o)
                0x01e070be                abs
 .text          0x01e070c4        0x0 C:\JL\pi32\pi32v2-lib\r3\libc.a(lib_a-ctype_.o)
 .text          0x01e070c4       0x38 C:\JL\pi32\pi32v2-lib\r3\libc.a(lib_a-memcmp.o)
 .text          0x01e070fc       0xc2 C:\JL\pi32\pi32v2-lib\r3\libc.a(lib_a-memcpy.o)
 .text          0x01e071be       0x28 C:\JL\pi32\pi32v2-lib\r3\libc.a(lib_a-memmem.o)
 .text          0x01e071e6       0x2c C:\JL\pi32\pi32v2-lib\r3\libc.a(lib_a-memset.o)
 .text          0x01e07212       0x3e C:\JL\pi32\pi32v2-lib\r3\libc.a(lib_a-strcasecmp.o)
                0x01e07212                strcasecmp
 .text          0x01e07250       0x14 C:\JL\pi32\pi32v2-lib\r3\libc.a(lib_a-strchr.o)
                0x01e07250                strchr
 .text          0x01e07264       0xa0 C:\JL\pi32\pi32v2-lib\r3\libc.a(lib_a-strcmp.o)
 .text          0x01e07304       0x6e C:\JL\pi32\pi32v2-lib\r3\libc.a(lib_a-strcpy.o)
 .text          0x01e07372        0xc C:\JL\pi32\pi32v2-lib\r3\libc.a(lib_a-strlen.o)
 .text          0x01e0737e       0x20 C:\JL\pi32\pi32v2-lib\r3\libc.a(lib_a-strncmp.o)
 .text          0x01e0739e       0x2a C:\JL\pi32\pi32v2-lib\r3\libc.a(lib_a-strstr.o)
 .text          0x01e073c8      0x314 C:\JL\pi32\pi32v2-lib\r3\libcompiler-rt.a(adddf3.o)
                0x01e07408                __adddf3
 .text          0x01e076dc       0x54 C:\JL\pi32\pi32v2-lib\r3\libcompiler-rt.a(fixdfsi.o)
                0x01e076dc                __fixdfsi
 .text          0x01e07730       0x3c C:\JL\pi32\pi32v2-lib\r3\libcompiler-rt.a(fixunsdfsi.o)
                0x01e07730                __fixunsdfsi
 .text          0x01e0776c       0x4c C:\JL\pi32\pi32v2-lib\r3\libcompiler-rt.a(floatsidf.o)
                0x01e0776c                __floatsidf
 .text          0x01e077b8       0x34 C:\JL\pi32\pi32v2-lib\r3\libcompiler-rt.a(floatunsidf.o)
                0x01e077b8                __floatunsidf
 .text          0x01e077ec      0x2fa C:\JL\pi32\pi32v2-lib\r3\libcompiler-rt.a(muldf3.o)
                0x01e07822                __muldf3
 .text          0x01e07ae6        0x6 C:\JL\pi32\pi32v2-lib\r3\libcompiler-rt.a(subdf3.o)
                0x01e07ae6                __subdf3
 *(.LOG_TAG_CONST*)
 *(.rodata*)
 *fill*         0x01e07aec        0x4 
 .rodata        0x01e07af0     0x24cc cpu\br23\tools\sdk.elf.o
 .rodata.str1.1
                0x01e09fbc      0x38f cpu\br23\tools\sdk.elf.o
                                0x3a6 (size before relaxing)
 *fill*         0x01e0a34b        0x1 
 .rodata.cst32  0x01e0a34c       0x20 cpu\br23\tools\sdk.elf.o
 *fill*         0x01e0a36c        0x4 
 .rodata.str1.16
                0x01e0a370       0x20 cpu\br23\tools\sdk.elf.o
                                 0x1a (size before relaxing)
 .rodata        0x01e0a390      0x281 C:\JL\pi32\pi32v2-lib\r3\libc.a(lib_a-ctype_.o)
                0x01e0a510                _ctype_
 *(.aac_data)
 *(.aac_const)
 *(.aac_code)
 *(.alac_dec_code)
 *(.bt_aac_dec_eng_const)
 *(.bt_aac_dec_eng_code)
 *(.bt_aac_dec_core_code)
 *(.bt_aac_dec_core_sparse_code)
 *(.dts_dec_const)
                0x01e0a614                . = ALIGN (0x4)
 *fill*         0x01e0a611        0x3 
                0x01e0a614                gsensor_dev_begin = .
 *(.gsensor_dev)
                0x01e0a614                gsensor_dev_end = .
                0x01e0a614                . = ALIGN (0x4)
                0x01e0a614                fm_dev_begin = .
 *(.fm_dev)
                0x01e0a614                fm_dev_end = .
                0x01e0a614                . = ALIGN (0x4)
                0x01e0a614                fm_emitter_dev_begin = .
 *(.fm_emitter_dev)
                0x01e0a614                fm_emitter_dev_end = .
                0x01e0a614                . = ALIGN (0x4)
                0x01e0a614                storage_device_begin = .
 *(.storage_device)
                0x01e0a614                storage_device_end = .
                0x01e0a614                . = ALIGN (0x4)
                0x01e0a614                ui_main_begin = .
 *(.ui_main)
                0x01e0a614                ui_main_end = .
                0x01e0a614                . = ALIGN (0x4)
                0x01e0a614                chargeIc_dev_begin = .
 *(.chargeIc_dev)
                0x01e0a614                chargeIc_dev_end = .
                0x01e0a614                . = ALIGN (0x4)
 *(.opcore_table_maskrom)
 *(.bfilt_table_maskroom)
 *(.opcore_maskrom)
 *(.bfilt_code)
 *(.bfilt_const)
                0x01e0a614                . = ALIGN (0x4)
                0x01e0a614                btctler_code_start = .
                0x01e0a614                BTCTLER_CONTROLLER_CODE_START = .
 *(.bt_rf_const)
 .bt_rf_const   0x01e0a614      0x461 cpu\br23\tools\sdk.elf.o
 *(.bt_rf_code)
 *fill*         0x01e0aa75        0x1 
 .bt_rf_code    0x01e0aa76     0x1122 cpu\br23\tools\sdk.elf.o
 *(.vendor_manager_const)
 *(.vendor_manager_code)
 *(.device_manager_const)
 *(.device_manager_code)
 *(.hci_controller_const)
 .hci_controller_const
                0x01e0bb98       0x28 cpu\br23\tools\sdk.elf.o
 *(.hci_controller_code)
 .hci_controller_code
                0x01e0bbc0      0x45e cpu\br23\tools\sdk.elf.o
 *(.hci_interface_const)
 *(.hci_interface_code)
                0x00001a0a                BTCTLER_CONTROLLER_CODE_SIZE = ABSOLUTE ((. - BTCTLER_CONTROLLER_CODE_START))
                0x01e0c01e                BTCTLER_LE_CONTROLLER_CODE_START = .
 *(.ble_rf_const)
 *fill*         0x01e0c01e        0x2 
 .ble_rf_const  0x01e0c020       0x24 cpu\br23\tools\sdk.elf.o
 *(.ble_rf_code)
 .ble_rf_code   0x01e0c044     0x21e4 cpu\br23\tools\sdk.elf.o
 *(.ble_ll_const)
 .ble_ll_const  0x01e0e228       0x74 cpu\br23\tools\sdk.elf.o
 *(.ble_ll_code)
 .ble_ll_code   0x01e0e29c     0x1a5a cpu\br23\tools\sdk.elf.o
 *(.ble_hci_const)
 .ble_hci_const
                0x01e0fcf6       0x19 cpu\br23\tools\sdk.elf.o
 *(.ble_hci_code)
 *fill*         0x01e0fd0f        0x1 
 .ble_hci_code  0x01e0fd10      0x50e cpu\br23\tools\sdk.elf.o
 *(.classic_hci_const)
 *(.classic_hci_code)
                0x00004200                BTCTLER_LE_CONTROLLER_CODE_SIZE = ABSOLUTE ((. - BTCTLER_LE_CONTROLLER_CODE_START))
                0x01e1021e                BTCTLER_CL_CODE_START = .
 *(.bredr_irq)
 *(.bredr_irq_code)
 *(.bredr_irq_const)
 *(.classic_lmp_const)
 .classic_lmp_const
                0x01e1021e       0x22 cpu\br23\tools\sdk.elf.o
 *(.classic_lmp_linkbulk_const)
 *(.classic_lmp_code)
 .classic_lmp_code
                0x01e10240     0x3942 cpu\br23\tools\sdk.elf.o
 *(.classic_lmp_linkbulk_code)
                0x01e13b82                LMP_ENC_CODE_START = .
 *(.classic_lmp_auth_const)
 .classic_lmp_auth_const
                0x01e13b82      0x4f0 cpu\br23\tools\sdk.elf.o
 *(.classic_lmp_bigint_const)
 *(.classic_lmp_crypt_const)
 *(.classic_lmp_ecdh_const)
 *(.classic_lmp_hmac_const)
 *(.classic_lmp_auth_code)
 .classic_lmp_auth_code
                0x01e14072      0x642 cpu\br23\tools\sdk.elf.o
 *(.classic_lmp_bigint_code)
 *(.classic_lmp_crypt_code)
 *(.classic_lmp_ecdh_code)
 *(.classic_lmp_hmac_code)
                0x00000b32                LMP_ENC_CODE_SIZE = ABSOLUTE ((. - LMP_ENC_CODE_START))
 *(.classic_rf_const)
 .classic_rf_const
                0x01e146b4      0x735 cpu\br23\tools\sdk.elf.o
 *(.classic_rf_code)
 *fill*         0x01e14de9        0x1 
 .classic_rf_code
                0x01e14dea     0x4b66 cpu\br23\tools\sdk.elf.o
 *(.classic_bb_const)
 *(.classic_bb_code)
                0x00009732                BTCTLER_CL_CODE_SIZE = ABSOLUTE ((. - BTCTLER_CL_CODE_START))
                0x01e19950                . = ALIGN (0x4)
 *(.classic_tws_const)
 *(.classic_tws_code)
 .classic_tws_code
                0x01e19950     0x2ac6 cpu\br23\tools\sdk.elf.o
 *(.classic_tws_code.esco)
 *(.tws_media_sync_code)
 *(.tws_media_sync_const)
 *(.tws_data_forward_code)
 *(.tws_data_forward_const)
                0x01e1c418                . = ALIGN (0x4)
 *fill*         0x01e1c416        0x2 
                0x01e1c418                tws_func_stub_begin = .
 *(.tws_func_stub)
 .tws_func_stub
                0x01e1c418        0x8 cpu\br23\tools\sdk.elf.o
                0x01e1c420                tws_func_stub_end = .
 *(.lmp_irq_code)
 .lmp_irq_code  0x01e1c420       0x5e cpu\br23\tools\sdk.elf.o
 *(.link_bulk_code)
 .link_bulk_code
                0x01e1c47e      0x38a cpu\br23\tools\sdk.elf.o
 *(.frame_irq_code)
                0x01e1c808                . = ALIGN (0x4)
 *(.link_task_const)
 .link_task_const
                0x01e1c808        0x8 cpu\br23\tools\sdk.elf.o
 *(.link_task_code)
 .link_task_code
                0x01e1c810      0x606 cpu\br23\tools\sdk.elf.o
                0x01e1ce18                . = ALIGN (0x4)
 *fill*         0x01e1ce16        0x2 
 *(.classic_irq_const)
 *(.classic_irq_code)
                0x01e1ce18                . = ALIGN (0x4)
 *(.tws_irq_code)
                0x01e1ce18                . = ALIGN (0x4)
                0x01e1ce18                tws_sync_call_begin = .
 *(.tws_sync_call)
                0x01e1ce18                tws_sync_call_end = .
                0x01e1ce18                . = ALIGN (0x4)
                0x01e1ce18                tws_sync_channel_begin = .
 *(.tws_sync_channel.0)
 *(.tws_sync_channel.1)
 .tws_sync_channel.1
                0x01e1ce18       0x1c cpu\br23\tools\sdk.elf.o
                0x01e1ce18                tws_link_sync
 *(.tws_sync_channel.2)
 .tws_sync_channel.2
                0x01e1ce34       0x1c cpu\br23\tools\sdk.elf.o
                0x01e1ce34                tws_conn_sync
 *(.tws_sync_channel.3)
 .tws_sync_channel.3
                0x01e1ce50       0x1c cpu\br23\tools\sdk.elf.o
                0x01e1ce50                tws_afh_sync
 *(.tws_sync_channel.4)
 *(.tws_sync_channel.5)
 *(.tws_sync_channel.6)
 .tws_sync_channel.6
                0x01e1ce6c       0x1c cpu\br23\tools\sdk.elf.o
                0x01e1ce6c                tws_acl_data_sync
 *(.tws_sync_channel.7)
 .tws_sync_channel.7
                0x01e1ce88       0x1c cpu\br23\tools\sdk.elf.o
                0x01e1ce88                tws_media_sync
 *(.tws_sync_channel.8)
 .tws_sync_channel.8
                0x01e1cea4       0x1c cpu\br23\tools\sdk.elf.o
                0x01e1cea4                tws_event_sync
 *(.tws_sync_channel.9)
 .tws_sync_channel.9
                0x01e1cec0       0x38 cpu\br23\tools\sdk.elf.o
                0x01e1cec0                tws_sync_call
                0x01e1cedc                tws_local_media_sync
 *(.tws_sync_channel.10)
 .tws_sync_channel.10
                0x01e1cef8       0x1c cpu\br23\tools\sdk.elf.o
                0x01e1cef8                tws_power_balance
 *(.tws_sync_channel.11)
 *(.tws_sync_channel.12)
 *(.tws_sync_channel.13)
 .tws_sync_channel.13
                0x01e1cf14       0x1c cpu\br23\tools\sdk.elf.o
                0x01e1cf14                tws_lmp_slot_sync
                0x01e1cf30                tws_sync_channel_end = .
                0x01e1cf30                btctler_code_end = .
                0x01e1cf30                . = ALIGN (0x4)
                0x01e1cf30                . = ALIGN (0x4)
                0x01e1cf30                btstack_code_start = .
                0x01e1cf30                . = ALIGN (0x4)
                0x01e1cf30                a2dp_source_media_codec_begin = .
 *(.a2dp_source_media_codec)
 .a2dp_source_media_codec
                0x01e1cf30       0x18 cpu\br23\tools\sdk.elf.o
                0x01e1cf30                a2dp_source_codec
                0x01e1cf48                a2dp_source_media_codec_end = .
                0x01e1cf48                a2dp_sink_media_probe_begin = .
 *(.a2dp_sink_media_probe)
                0x01e1cf48                a2dp_sink_media_probe_end = .
                0x01e1cf48                a2dp_sink_media_codec_begin = .
 *(.a2dp_sink_media_codec)
                0x01e1cf48                a2dp_sink_media_codec_end = .
                0x01e1cf48                a2dp_event_handler_begin = .
 *(.a2dp_event_handler)
 .a2dp_event_handler
                0x01e1cf48       0x54 cpu\br23\tools\sdk.elf.o
                0x01e1cf48                a2dp_sink_event_handler
                0x01e1cf64                a2dp_source_event_handler
                0x01e1cf80                acp_a2dp_event_handler
                0x01e1cf9c                a2dp_event_handler_end = .
                0x01e1cf9c                sdp_record_item_begin = .
 *(.sdp_record_item)
 .sdp_record_item
                0x01e1cf9c        0xc cpu\br23\tools\sdk.elf.o
                0x01e1cf9c                spp_sdp_record_item
                0x01e1cfa8                sdp_record_item_end = .
                0x01e1cfa8                bt_sleep_begin = .
 *(.bt_sleep)
 .bt_sleep      0x01e1cfa8       0x54 cpu\br23\tools\sdk.elf.o
                0x01e1cfa8                bt_suspend_a2dp_resumea2dp_release
                0x01e1cfb4                bt_suspend_avctp_resumeavctp_release
                0x01e1cfc0                bt_suspend_hfp_resumehfp_release
                0x01e1cfcc                bt_suspend_user_cmd_loop_resumeuser_cmd_loop_release
                0x01e1cfd8                bt_suspend_hid_resumehid_release
                0x01e1cfe4                bt_suspend_spp_resumespp_release
                0x01e1cff0                bt_suspend_sdp_resumesdp_release
                0x01e1cffc                bt_sleep_end = .
 *(.bt_stack_const)
 .bt_stack_const
                0x01e1cffc      0x3a8 cpu\br23\tools\sdk.elf.o
 *(.bt_stack_code)
 .bt_stack_code
                0x01e1d3a4     0x7828 cpu\br23\tools\sdk.elf.o
 *(.ble_db_const)
 *(.ble_db_code)
 .ble_db_code   0x01e24bcc      0x1ae cpu\br23\tools\sdk.elf.o
 *(.ble_sm_const)
 *fill*         0x01e24d7a        0x2 
 .ble_sm_const  0x01e24d7c       0x73 cpu\br23\tools\sdk.elf.o
 *(.ble_sm_code)
 *fill*         0x01e24def        0x1 
 .ble_sm_code   0x01e24df0     0x18e2 cpu\br23\tools\sdk.elf.o
 *(.ble_att_const)
 *(.ble_att_code)
 .ble_att_code  0x01e266d2      0x604 cpu\br23\tools\sdk.elf.o
 *(.ble_gatt_const)
 *(.ble_gatt_code)
 .ble_gatt_code
                0x01e26cd6      0x792 cpu\br23\tools\sdk.elf.o
                0x01e27468                BTSTACK_LE_HOST_MESH_CODE_START = .
 *(.ble_mesh_code)
 *(.ble_mesh_tinycrypt_code)
 *(.ble_mesh_const)
 *(.ble_mesh_tinycrypt_const)
                0x00000000                BTSTACK_LE_HOST_MESH_CODE_SIZE = ABSOLUTE ((. - BTSTACK_LE_HOST_MESH_CODE_START))
                0x01e27468                btstack_code_end = .
                0x01e27468                . = ALIGN (0x4)
                0x01e27468                . = ALIGN (0x4)
                0x01e27468                . = ALIGN (0x4)
                0x01e27468                system_text_start = .
                0x01e27468                _device_node_begin = .
                0x01e27468                PROVIDE (device_node_begin, .)
 *(.device)
                0x01e27468                _device_node_end = .
                0x01e27468                PROVIDE (device_node_end, .)
                0x01e27468                config_target_begin = .
                [!provide]                PROVIDE (config_target_begin, .)
 *(.config_target)
                0x01e27468                config_target_end = .
                [!provide]                PROVIDE (config_target_end, .)
                0x01e27468                system_code_begin = .
 *(.system.*.text)
 .system.lbuf.text
                0x01e27468      0x59a cpu\br23\tools\sdk.elf.o
 .system.printf.text
                0x01e27a02      0x8ec cpu\br23\tools\sdk.elf.o
 .system.timer.text
                0x01e282ee      0x610 cpu\br23\tools\sdk.elf.o
 .system.cpu.text
                0x01e288fe       0xd0 cpu\br23\tools\sdk.elf.o
 .system.cbuf.text
                0x01e289ce       0xea cpu\br23\tools\sdk.elf.o
 .system.task.text
                0x01e28ab8       0x48 cpu\br23\tools\sdk.elf.o
 .system.event.text
                0x01e28b00      0x398 cpu\br23\tools\sdk.elf.o
 .system.cfg_tool.text
                0x01e28e98      0x6f6 cpu\br23\tools\sdk.elf.o
 .system.app_core.text
                0x01e2958e      0x1c6 cpu\br23\tools\sdk.elf.o
 .system.fs.text
                0x01e29754      0x492 cpu\br23\tools\sdk.elf.o
 .system.init.text
                0x01e29be6      0xdea cpu\br23\tools\sdk.elf.o
                0x01e29be6                boot_info_init
                0x01e29c1a                main
 .system.device.text
                0x01e2a9d0       0x2c cpu\br23\tools\sdk.elf.o
                0x01e2a9fc                system_code_end = .
                0x01e2a9fc                . = ALIGN (0x4)
                0x00003594                system_code_size = (system_code_end - system_code_begin)
                0x01e2a9fc                vfs_ops_begin = .
 *(.vfs_operations)
                0x01e2a9fc                vfs_ops_end = .
                0x01e2a9fc                _lib_version_begin = .
                0x01e2a9fc                PROVIDE (lib_version_begin, .)
 *(.lib_version)
 .lib_version   0x01e2a9fc        0x4 cpu\br23\tools\sdk.elf.o
                0x01e2a9fc                __version_sdfile
                0x01e2aa00                _lib_version_end = .
                0x01e2aa00                PROVIDE (lib_version_end, .)
                0x01e2aa00                _initcall_begin = .
                0x01e2aa00                PROVIDE (initcall_begin, .)
 *(.initcall)
                0x01e2aa00                _initcall_end = .
                0x01e2aa00                PROVIDE (initcall_end, .)
                0x01e2aa00                _early_initcall_begin = .
                0x01e2aa00                PROVIDE (early_initcall_begin, .)
 *(.early.initcall)
 .early.initcall
                0x01e2aa00        0xc cpu\br23\tools\sdk.elf.o
                0x01e2aa00                __initcall_app_chip_set_osc_cap
                0x01e2aa04                __initcall_sys_event_init
                0x01e2aa08                __initcall_sdfile_init
                0x01e2aa0c                _early_initcall_end = .
                0x01e2aa0c                PROVIDE (early_initcall_end, .)
                0x01e2aa0c                _late_initcall_begin = .
                0x01e2aa0c                PROVIDE (late_initcall_begin, .)
 *(.late.initcall)
                0x01e2aa0c                _late_initcall_end = .
                0x01e2aa0c                PROVIDE (late_initcall_end, .)
                0x01e2aa0c                _platform_initcall_begin = .
                0x01e2aa0c                PROVIDE (platform_initcall_begin, .)
 *(.platform.initcall)
 .platform.initcall
                0x01e2aa0c        0x4 cpu\br23\tools\sdk.elf.o
                0x01e2aa0c                __initcall_syscfg_tools_init
                0x01e2aa10                _platform_initcall_end = .
                0x01e2aa10                PROVIDE (platform_initcall_end, .)
                0x01e2aa10                _module_initcall_begin = .
                0x01e2aa10                PROVIDE (module_initcall_begin, .)
 *(.module.initcall)
                0x01e2aa10                _module_initcall_end = .
                0x01e2aa10                PROVIDE (module_initcall_end, .)
                0x01e2aa10                _sys_event_handler_begin = .
                0x01e2aa10                PROVIDE (sys_event_handler_begin, .)
 *(.sys_event.4.handler)
 *(.sys_event.3.handler)
 *(.sys_event.2.handler)
 *(.sys_event.1.handler)
 *(.sys_event.0.handler)
 .sys_event.0.handler
                0x01e2aa10        0x8 cpu\br23\tools\sdk.elf.o
                0x01e2aa10                __event_handler_tws_key_event_handler
                0x01e2aa18                _sys_event_handler_end = .
                0x01e2aa18                PROVIDE (sys_event_handler_end, .)
                0x01e2aa18                _syscfg_arg_begin = .
                [!provide]                PROVIDE (syscfg_arg_begin, .)
 *(.syscfg.arg)
                0x01e2aa18                _syscfg_arg_end = .
                [!provide]                PROVIDE (syscfg_arg_end, .)
                0x01e2aa18                _syscfg_handler_begin = .
                [!provide]                PROVIDE (syscfg_handler_begin, .)
 *(.syscfg.handler)
                0x01e2aa18                _syscfg_handler_end = .
                [!provide]                PROVIDE (syscfg_handler_end, .)
                0x01e2aa18                _syscfg_ops_begin = .
                0x01e2aa18                PROVIDE (syscfg_ops_begin, .)
 *(.syscfg.2.ops)
 .syscfg.2.ops  0x01e2aa18       0x1c cpu\br23\tools\sdk.elf.o
                0x01e2aa18                cfg_btif
 *(.syscfg.1.ops)
 .syscfg.1.ops  0x01e2aa34       0x1c cpu\br23\tools\sdk.elf.o
                0x01e2aa34                cfg_vm
 *(.syscfg.0.ops)
 .syscfg.0.ops  0x01e2aa50       0x1c cpu\br23\tools\sdk.elf.o
                0x01e2aa50                cfg_bin
                0x01e2aa6c                _syscfg_ops_end = .
                0x01e2aa6c                PROVIDE (syscfg_ops_end, .)
                0x01e2aa6c                _server_info_begin = .
                [!provide]                PROVIDE (server_info_begin, .)
 *(.server_info)
                0x01e2aa6c                _server_info_end = .
                [!provide]                PROVIDE (server_info_end, .)
                0x01e2aa6c                _bus_device_begin = .
                [!provide]                PROVIDE (bus_device_begin, .)
 *(.bus_device)
                0x01e2aa6c                _bus_device_end = .
                [!provide]                PROVIDE (bus_device_end, .)
                0x01e2aa6c                _sys_power_hal_ops_begin = .
                [!provide]                PROVIDE (sys_power_hal_ops_begin, .)
 *(.sys_power_hal_ops)
                0x01e2aa6c                _sys_power_hal_ops_end = .
                [!provide]                PROVIDE (sys_power_hal_ops_end, .)
                0x01e2aa6c                . = ALIGN (0x4)
                0x01e2aa6c                lp_target_begin = .
                [!provide]                PROVIDE (lp_target_begin, .)
 *(.lp_target)
 .lp_target     0x01e2aa6c       0x28 cpu\br23\tools\sdk.elf.o
                0x01e2aa6c                key_lp_target
                0x01e2aa74                app_state_lp_target
                0x01e2aa7c                __wakeup_is_idle_target
                0x01e2aa84                usr_systimer_lp_target
                0x01e2aa8c                ota_lp_target
                0x01e2aa94                lp_target_end = .
                [!provide]                PROVIDE (lp_target_end, .)
                0x01e2aa94                . = ALIGN (0x4)
                0x01e2aa94                deepsleep_target_begin = .
                [!provide]                PROVIDE (deepsleep_target_begin, .)
 *(.deepsleep_target)
                0x01e2aa94                deepsleep_target_end = .
                [!provide]                PROVIDE (deepsleep_target_end, .)
                0x01e2aa94                crypto_begin = .
 *(.crypto_ecdh_code)
 *(.crypto_ecdh_const)
 *(.crypto_bigint_code)
 .crypto_bigint_code
                0x01e2aa94      0x3e4 cpu\br23\tools\sdk.elf.o
 *(.crypto_bigint_const)
 *(.crypto_code)
 .crypto_code   0x01e2ae78      0x428 cpu\br23\tools\sdk.elf.o
 *(.crypto_const)
 .crypto_const  0x01e2b2a0      0x171 cpu\br23\tools\sdk.elf.o
 *(.ECDH_sample_code)
 *(.ECDH_sample_const)
 *(.uECC_code)
 *fill*         0x01e2b411        0x1 
 .uECC_code     0x01e2b412      0xb32 cpu\br23\tools\sdk.elf.o
 *(.uECC_const)
 .uECC_const    0x01e2bf44       0xb0 cpu\br23\tools\sdk.elf.o
 *(.hmac_code)
 .hmac_code     0x01e2bff4      0x356 cpu\br23\tools\sdk.elf.o
 *(.hmac_const)
 *(.hash_sample_code)
 *(.hash_sample_const)
 *(.aes_cmac_sample_code)
 *(.aes_cmac_sample_const)
                0x01e2c34a                crypto_end = .
                0x000018b6                crypto_size = (. - crypto_begin)
 *(.mem_code)
 .mem_code      0x01e2c34a      0x504 cpu\br23\tools\sdk.elf.o
                0x01e2c842                hw_mmu_disable
 *(.mem_const)
 *(.os_port_code)
 .os_port_code  0x01e2c84e      0x51c cpu\br23\tools\sdk.elf.o
 *(.os_port_const)
 *fill*         0x01e2cd6a        0x2 
 .os_port_const
                0x01e2cd6c       0x24 cpu\br23\tools\sdk.elf.o
                0x01e2cd90                system_text_end = .
                0x01e2cd90                . = ALIGN (0x4)
                0x01e2cd90                lcd_interface_begin = .
 *(.lcd_if_info)
                0x01e2cd90                lcd_interface_end = .
                0x01e2cd90                ui_style_begin = .
 *(.ui_style)
                0x01e2cd90                ui_style_end = .
                0x01e2cd90                elm_event_handler_begin_UPGRADE = .
 *(.elm_event_handler_UPGRADE)
                0x01e2cd90                elm_event_handler_end_UPGRADE = .
                0x01e2cd90                elm_event_handler_begin_JL = .
 *(.elm_event_handler_JL)
                0x01e2cd90                elm_event_handler_end_JL = .
                0x01e2cd90                elm_event_handler_begin_JL_01 = .
 *(.elm_event_handler_JL_01)
                0x01e2cd90                elm_event_handler_end_JL_01 = .
                0x01e2cd90                elm_event_handler_begin_JL_02 = .
 *(.elm_event_handler_JL_02)
                0x01e2cd90                elm_event_handler_end_JL_02 = .
                0x01e2cd90                elm_event_handler_begin_JL_03 = .
 *(.elm_event_handler_JL_03)
                0x01e2cd90                elm_event_handler_end_JL_03 = .
                0x01e2cd90                control_event_handler_begin = .
 *(.control_event_handler)
                0x01e2cd90                control_event_handler_end = .
                0x01e2cd90                control_ops_begin = .
 *(.control_ops)
                0x01e2cd90                control_ops_end = .
                0x01e2cd90                vg_event_handler_begin = .
 *(.vg_event_handler)
                0x01e2cd90                vg_event_handler_end = .
                0x01e2cd90                on_show_map_begin = .
 *(.on_show_map)
                0x01e2cd90                on_show_map_end = .
                0x01e2cd90                on_click_map_begin = .
 *(.on_click_map)
                0x01e2cd90                on_click_map_end = .
                0x01e2cd90                on_touch_map_begin = .
 *(.on_touch_map)
                0x01e2cd90                on_touch_map_end = .
                0x01e2cd90                on_change_map_begin = .
 *(.on_change_map)
                0x01e2cd90                on_change_map_end = .
                0x01e2cd90                on_key_map_begin = .
 *(.on_key_map)
                0x01e2cd90                on_key_map_end = .
                0x01e2cd90                img_loader_begin = .
 *(.img_loader)
                0x01e2cd90                img_loader_end = .
                0x01e2cd90                battery_notify_begin = .
 *(.battery_notify)
                0x01e2cd90                battery_notify_end = .
                0x01e2cd90                . = ALIGN (0x4)
                0x01e2cd90                __VERSION_BEGIN = .
 *(.version)
 *(.sys.version)
 .sys.version   0x01e2cd90       0x1e include_lib/liba/br23/update.a(version.z.o)
                0x01e2cd90                lib_update_version
                0x01e2cdae                __VERSION_END = .
                0x01e2cdb0                . = ALIGN (0x4)
 *fill*         0x01e2cdae        0x2 
                0x01e2cdb0                text_code_end = .
                0x01e2cdb0                update_code_start = .
 *(.bt_updata_ram_code)
 .bt_updata_ram_code
                0x01e2cdb0      0x172 cpu\br23\tools\sdk.elf.o
 *(.update_const)
 *fill*         0x01e2cf22        0x2 
 .update_const  0x01e2cf24      0x140 cpu\br23\tools\sdk.elf.o
 *(.update_code)
 .update_code   0x01e2d064      0xc9c cpu\br23\tools\sdk.elf.o
                0x01e2dd00                update_code_end = .
                0x01e2dd00                . = ALIGN (0x4)
                0x01e2dd00                media_text_start = .
 *(.aec_code)
 *(.aec_const)
 *(.der_code)
 *(.der_const)
 *(.nlp_code)
 *(.nlp_const)
 *(.qmf_code)
 *(.qmf_const)
 *(.bt_audioplc_sparse_code)
 *(.bt_audioplc_code)
 *(.bt_audioplc_const)
                0x01e2dd00                . = ALIGN (0x4)
 *(.res_code)
 *(.res_const)
                0x01e2dd00                . = ALIGN (0x4)
 *(.ns_code)
 *(.ns_const)
                0x01e2dd00                . = ALIGN (0x4)
 *(.pcm_code)
 *(.pcm_const)
 *(.g729_code)
 *(.g729_const)
 *(.g726_code)
 *(.g726_const)
 *(.wtg_dec_code)
 *(.wtg_dec_const)
 *(.wtg_dec_sparse_code)
 *(.wtg_dec_sparse_const)
 *(.bfilt_code)
                0x01e2dd00                . = ALIGN (0x4)
 *(.mp3_decstream_const)
 *(.mp3_decstream_code)
 *(.mp3_decstream_sparse_code)
 *(.mp3_decstream_sparse_const)
 *(.mp3_dec_sparse_code)
 *(.mp3_dec_sparse_const)
 *(.mp3_dec_code)
 *(.mp3_dec_const)
 *(.mp3_const)
 *(.mp3_code)
 *(.msbc_code)
 *(.msbc_const)
 *(.mty_code)
 *(.mty_const)
 *(.mp3tsy_dec_code)
 *(.mp3tsy_dec_const)
 *(.mp3tsy_dec_sparse_code)
 *(.mp3tsy_dec_sparse_const)
 *(.sbc_code)
 *(.sbc_const)
 *(.sine_code)
 *(.sine_const)
 *(.wma_code)
 *(.wma_const)
 *(.wma_dec_code)
 *(.wma_dec_const)
 *(.wma_dec_sparse_code)
 *(.wma_dec_sparse_const)
 *(.wma_decstream_const)
 *(.wma_decstream_code)
 *(.wma_decstream_sparse_code)
 *(.wma_decstream_sparse_const)
 *(.amr_code)
 *(.amr_const)
 *(.midi_code)
 *(.midi_const)
 *(.audio_decoder_code)
 *(.audio_decoder_const)
 *(.mp3_encode_code)
 *(.mp3_encode_const)
 *(.media_device_code)
 *(.media_device_const)
 *(.audio_encoder_code)
 *(.audio_encoder_const)
 *(.mixer_code)
 *(.mixer_const)
 *(.dec_server_code)
 *(.dec_server_const)
 *(.rec_server_code)
 *(.rec_server_const)
 *(.auto_mute_code)
 *(.auto_mute_const)
 *(.plc_code)
 *(.plc_const)
 *(.wireless_sync_code)
 *(.wireless_sync_const)
 *(.fft_code)
 *(.fft_const)
 *(.mp3_enc_code)
 *(.mp3_enc_const)
 *(.mp3_enc_sparse_code)
 *(.mp3_enc_sparse_const)
                0x01e2dd00                . = ALIGN (0x4)
 *(.mp2_encode_code)
 *(.mp2_encode_const)
 *(.mp2_encode_sparse_code)
 *(.mp2_encode_sparse_const)
                0x01e2dd00                . = ALIGN (0x4)
 *(.adpcm_encode_code)
 *(.adpcm_encode_const)
 *(.adpcm_encode_sparse_code)
 *(.adpcm_encode_sparse_const)
                0x01e2dd00                . = ALIGN (0x4)
 *(.m4a_dec_sparse_code)
 *(.m4a_dec_sparse_const)
 *(.aac_dec_sparse_code)
 *(.aac_dec_sparse_const)
 *(.bt_aac_dec_core_const)
 *(.amr_dec_const)
 *(.dts_dec_ff_const)
 *(.dts_dec_sparse_code)
 *(.dts_dec_sparse_const)
 *(.res_sparse_code)
 *(.ns_sparse_code)
 *(.aec_sparse_code)
 *(.nlp_sparse_code)
 *(.der_sparse_code)
 *(.qmf_sparse_code)
 *(.sms_const)
 *(.sms_sparse_code)
 *(.sms_code)
 *(.resample_cal_code)
 *(.resample_cal_sparse_code)
 *(.resample_cal_const)
 *(.bt_compressor_sparse_const)
 *(.bt_compressor_sparse_code)
 *(.compressor_sparse_code)
 *(.compressor_sparse_const)
 *(.bt_limiter_sparse_const)
 *(.bt_limiter_sparse_code)
 *(.limiter_sparse_code)
 *(.limiter_sparse_const)
 *(.bt_crossOver_sparse_const)
 *(.bt_crossOver_sparse_code)
 *(.crossOver_sparse_code)
 *(.crossOver_sparse_const)
 *(.audio_codec_code)
                0x01e2dd00                . = ALIGN (0x4)
                0x01e2dd00                _audio_decoder_begin = .
                [!provide]                PROVIDE (audio_decoder_begin, .)
 *(.audio_decoder)
                0x01e2dd00                _audio_decoder_end = .
                [!provide]                PROVIDE (audio_decoder_end, .)
                0x01e2dd00                _audio_encoder_begin = .
                [!provide]                PROVIDE (audio_encoder_begin, .)
 *(.audio_encoder)
                0x01e2dd00                _audio_encoder_end = .
                [!provide]                PROVIDE (audio_encoder_end, .)
                0x01e2dd00                _audio_package_begin = .
                [!provide]                PROVIDE (audio_package_begin, .)
 *(.audio_package)
                0x01e2dd00                _audio_package_end = .
                [!provide]                PROVIDE (audio_package_end, .)
                0x01e2dd00                _audio_dev_begin = .
                [!provide]                PROVIDE (audio_dev_begin, .)
 *(.audio_device)
                0x01e2dd00                _audio_dev_end = .
                [!provide]                PROVIDE (audio_dev_end, .)
                0x01e2dd00                _audio_hwaccel_begin = .
                [!provide]                PROVIDE (audio_hwaccel_begin, .)
 *(.audio_hwaccel)
                0x01e2dd00                _audio_hwaccel_end = .
                [!provide]                PROVIDE (audio_hwaccel_end, .)
                0x01e2dd00                . = ALIGN (0x4)
                0x01e2dd00                media_code_begin = .
 *(.media.*.text)
                0x01e2dd00                . = ALIGN (0x4)
 *(.crossOver_code)
 *(.crossOver_const)
 *(.bt_crossOver_const)
 *(.bt_crossOver_code)
                0x01e2dd00                . = ALIGN (0x4)
 *(.compressor_code)
 *(.compressor_const)
 *(.bt_compressor_const)
 *(.bt_compressor_code)
                0x01e2dd00                . = ALIGN (0x4)
 *(.limiter_code)
 *(.limiter_const)
 *(.bt_limiter_const)
 *(.bt_limiter_code)
                0x01e2dd00                . = ALIGN (0x4)
                0x01e2dd00                media_code_end = .
                0x01e2dd00                . = ALIGN (0x4)
                0x00000000                media_code_size = (media_code_end - media_code_begin)
                0x01e2dd00                . = ALIGN (0x4)
                0x01e2dd00                media_text_end = .
                0x01e2dd00                driver_code_start = .
                0x01e2dd00                . = ALIGN (0x4)
                0x01e2dd00                _SPI_CODE_START = .
 *(.spi_code)
                0x01e2dd00                . = ALIGN (0x4)
                0x01e2dd00                _SPI_CODE_END = .
                0x01e2dd00                clock_critical_handler_begin = .
 *(.clock_critical_txt)
 .clock_critical_txt
                0x01e2dd00       0x28 cpu\br23\tools\sdk.elf.o
                0x01e2dd00                clock_ct
                0x01e2dd08                clock_chargestore
                0x01e2dd10                clock_uart
                0x01e2dd18                clock_lrc
                0x01e2dd20                clock_port
                0x01e2dd28                clock_critical_handler_end = .
                0x01e2dd28                CLOCK_CODE_START = .
 *(.clock_code)
 .clock_code    0x01e2dd28      0x57e cpu\br23\tools\sdk.elf.o
 *(.clock_const)
 .clock_const   0x01e2e2a6        0x4 cpu\br23\tools\sdk.elf.o
                0x00000582                CLOCK_CODE_SIZE = ABSOLUTE ((. - CLOCK_CODE_START))
 *(.debug_code)
 *(.debug_const)
 *(.power_code)
 *(.power_const)
 *(.uart_code)
 *(.uart_const)
                0x01e2e2aa                driver_code_end = .
                0x01e2e2ac                . = ALIGN (0x4)
 *fill*         0x01e2e2aa        0x2 
                0x00000000                . = ORIGIN (ram0)
                0x00000000                _data_code_begin = .
                0x00000000                bank_code_run_addr = .
                0x00000000                common_code_run_addr = .

.data           0x00000000     0x3ea0
 *(.data_magic)
 .data_magic    0x00000000       0x40 cpu\br23\tools\sdk.elf.o
                0x00000000                data_magic
                0x00000040                . = ALIGN (0x4)
 *(.flushinv_icache)
 *(.volatile_ram_code)
 .volatile_ram_code
                0x00000040     0x10d0 cpu\br23\tools\sdk.elf.o
                0x000001b6                switch_to_hrc
                0x000006a4                __udelay
                0x0000083a                sfc_drop_cache
                0x00000970                flushinv_dcache_api
                0x000009ba                norflash_erase
                0x00000ab4                read_flash_id
                0x00000b52                spi_cache_way_switch
                0x00000ba2                spi_for_maskrom_init
                0x000010e0                bredr_link_clk_offset
                0x000010f2                lc_local_slot_bitoff
 .volatile_ram_code
                0x00001110      0x158 include_lib/liba/br23/cpu.a(startup.o)
                0x00001110                __BT_UPDATA_JUMP
                0x00001190                __JUMP_TO_MASKROM
                0x000011d6                __DEV_UPDATA_JUMP
                0x00001256                exception_irq_handler
 *(.os_critical_code)
 .os_critical_code
                0x00001268      0x4cc cpu\br23\tools\sdk.elf.o
                0x0000129e                os_current_task
                0x000012c8                vmalloc_
                0x000013c8                vfree_
                0x000014cc                vfree_v2
                0x00001572                vcopy_
                0x000015be                vmalloc_v2
 *(.chargebox_code)
 *(.gpio_ram)
 .gpio_ram      0x00001734      0x1a0 cpu\br23\tools\sdk.elf.o
 *(.LED_code)
 *(.LED_const)
                0x000018d4                . = ALIGN (0x4)
                0x000018d4                _data_code_end = .
                0x000018d4                _cpu_store_begin = .
                0x000018d4                . = ALIGN (0x4)
 *(.data*)
 *fill*         0x000018d4        0xc 
 .data          0x000018e0       0xd0 cpu\br23\tools\sdk.elf.o
 .data          0x000019b0        0x4 C:\JL\pi32\pi32v2-lib\r3\libc.a(lib_a-ctype_.o)
                0x000019b0                __ctype_ptr__
                0x000019b4                . = ALIGN (0x4)
                0x000019b4                dec_board_param_mem_begin = .
 *(.dec_board_param_mem)
                0x000019b4                dec_board_param_mem_end = .
                0x000019c0                . = ALIGN (0x20)
 *fill*         0x000019b4        0xc 
                0x000019c0                btstack_data_start = .
 *(.bt_stack_data)
 .bt_stack_data
                0x000019c0       0x58 cpu\br23\tools\sdk.elf.o
 *(.ble_db_data)
 *(.ble_sm_data)
 *(.ble_att_data)
 *(.ble_gatt_data)
                0x00001a18                BTSTACK_LE_HOST_MESH_DATA_START = .
                0x00001a18                . = ((. + 0x3) & 0xfffffffc)
                0x00001a18                _net_buf_pool_list = .
 *(._net_buf_pool.static.*)
 *(.ble_mesh_data)
 *(.ble_mesh_tinycrypt_data)
                0x00000000                BTSTACK_LE_HOST_MESH_DATA_SIZE = ABSOLUTE ((. - BTSTACK_LE_HOST_MESH_DATA_START))
                0x00001a18                btstack_data_end = .
                0x00001a18                . = ALIGN (0x4)
                0x00001a18                btctler_data_start = .
                0x00001a18                BTCTLER_CONTROLLER_DATA_START = .
 *(.bt_rf_data)
 .bt_rf_data    0x00001a18      0x404 cpu\br23\tools\sdk.elf.o
 *(.vendor_manager_data)
 *(.device_manager_data)
 *(.hci_controller_data)
 .hci_controller_data
                0x00001e1c       0xb8 cpu\br23\tools\sdk.elf.o
 *(.hci_interface_data)
                0x000004bc                BTCTLER_CONTROLLER_DATA_SIZE = ABSOLUTE ((. - BTCTLER_CONTROLLER_DATA_START))
                0x00001ed4                BTCTLER_LE_CONTROLLER_DATA_START = .
 *(.ble_ll_data)
 .ble_ll_data   0x00001ed4        0xc cpu\br23\tools\sdk.elf.o
 *(.ble_hci_data)
 .ble_hci_data  0x00001ee0       0xa8 cpu\br23\tools\sdk.elf.o
 *(.classic_hci_data)
 *(.ble_rf_data)
 .ble_rf_data   0x00001f88        0xc cpu\br23\tools\sdk.elf.o
                0x000000c0                BTCTLER_LE_CONTROLLER_DATA_SIZE = ABSOLUTE ((. - BTCTLER_LE_CONTROLLER_DATA_START))
                0x00001f94                BTCTLER_CL_DATA_START = .
 *(.classic_lmp_data)
 .classic_lmp_data
                0x00001f94       0xa8 cpu\br23\tools\sdk.elf.o
 *(.classic_lmp_auth_data)
 *(.classic_lmp_bigint_data)
 *(.classic_lmp_crypt_data)
 *(.classic_lmp_ecdh_data)
 *(.classic_lmp_linkbulk_data)
 *(.classic_lmp_hmac_data)
 *(.classic_rf_data)
 .classic_rf_data
                0x0000203c       0x12 cpu\br23\tools\sdk.elf.o
 *(.classic_bb_data)
                0x000000ba                BTCTLER_CL_DATA_SIZE = ABSOLUTE ((. - BTCTLER_CL_DATA_START))
                0x0000204e                btctler_data_end = .
                0x00002050                . = ALIGN (0x4)
 *fill*         0x0000204e        0x2 
                0x00002050                . = ALIGN (0x4)
                0x00002050                system_data_start = .
                0x00002050                _video_subdev_begin = .
                [!provide]                PROVIDE (video_subdev_begin, .)
 *(.video_subdev.0)
 *(.video_subdev.1)
 *(.video_subdev.2)
 *(.video_subdev.3)
 *(.video_subdev.4)
 *(.video_subdev.5)
                0x00002050                _video_subdev_end = .
                [!provide]                PROVIDE (video_subdev_end, .)
                0x00002050                _audio_subdev_begin = .
                [!provide]                PROVIDE (audio_subdev_begin, .)
 *(.audio_subdev.0)
 *(.audio_subdev.1)
 *(.audio_subdev.2)
 *(.audio_subdev.3)
                0x00002050                _audio_subdev_end = .
                [!provide]                PROVIDE (audio_subdev_end, .)
                0x00002050                _iic_device_begin = .
                [!provide]                PROVIDE (iic_device_begin, .)
 *(.iic)
                0x00002050                _iic_device_end = .
                [!provide]                PROVIDE (iic_device_end, .)
                0x00002050                _avin_spi_device_begin = .
                [!provide]                PROVIDE (avin_spi_device_begin, .)
 *(.sw_spi)
                0x00002050                _avin_spi_device_end = .
                [!provide]                PROVIDE (avin_spi_device_end, .)
                0x00002050                _video_dev_begin = .
                [!provide]                PROVIDE (video_dev_begin, .)
 *(.video_device)
                0x00002050                _video_dev_end = .
                [!provide]                PROVIDE (video_dev_end, .)
                0x00002050                _key_driver_ops_begin = .
                [!provide]                PROVIDE (key_driver_ops_begin, .)
 *(.key_driver_ops)
                0x00002050                _key_driver_ops_end = .
                [!provide]                PROVIDE (key_driver_ops_end, .)
                0x00002050                _touch_driver_begin = .
                [!provide]                PROVIDE (touch_driver_begin, .)
 *(.touch_driver)
                0x00002050                _touch_driver_end = .
                [!provide]                PROVIDE (touch_driver_end, .)
                0x00002050                _static_hi_timer_begin = .
                [!provide]                PROVIDE (static_hi_timer_begin, .)
 *(.hi_timer)
                0x00002050                _static_hi_timer_end = .
                [!provide]                PROVIDE (static_hi_timer_end, .)
                0x00002050                _sys_cpu_timer_begin = .
                0x00002050                PROVIDE (sys_cpu_timer_begin, .)
 *(.sys_cpu_timer)
                0x00002050                _sys_cpu_timer_end = .
                0x00002050                PROVIDE (sys_cpu_timer_end, .)
                0x00002050                _sys_config_begin = .
                [!provide]                PROVIDE (sys_config_begin, .)
 *(.sys_cfg)
                0x00002050                _sys_config_end = .
                [!provide]                PROVIDE (sys_config_end, .)
                0x00002050                _sys_fat_begin = .
                [!provide]                PROVIDE (sys_fat_begin, .)
 *(.fs_fat)
                0x00002050                _sys_fat_end = .
                [!provide]                PROVIDE (sys_fat_end, .)
                0x00002050                _app_begin = .
                0x00002050                PROVIDE (app_begin, .)
 *(.app)
 .app           0x00002050       0x40 cpu\br23\tools\sdk.elf.o
                0x00002090                _app_end = .
                0x00002090                PROVIDE (app_end, .)
                0x00002090                _os_begin = .
                [!provide]                PROVIDE (os_begin, .)
 *(.os_code)
 .os_code       0x00002090     0x1950 cpu\br23\tools\sdk.elf.o
 *(.os_const)
 *(.os_str)
 .os_str        0x000039e0      0x1f5 cpu\br23\tools\sdk.elf.o
 *(.os_data)
 *fill*         0x00003bd5        0x3 
 .os_data       0x00003bd8       0x38 cpu\br23\tools\sdk.elf.o
                0x00003c10                _os_end = .
                [!provide]                PROVIDE (os_end, .)
 *(.crypto_ecdh_data)
 *(.crypto_data)
 *(.mem_data)
 .mem_data      0x00003c10       0x10 cpu\br23\tools\sdk.elf.o
 *(.os_port_data)
 *(.uECC_data)
 *(.ECDH_sample_data)
                0x00003c20                system_data_end = .
                0x00003c20                . = ALIGN (0x4)
                0x00003c20                update_data_start = .
                0x00003c20                update_data_end = .
                0x00003c20                media_data_start = .
                0x00003c20                . = ALIGN (0x4)
                0x00003c20                EQ_COEFF_BASE = .
                0x00003e50                . = (EQ_COEFF_BASE + ((0x4 * EQ_SECTION_NUM) * 0xe))
 *fill*         0x00003c20      0x230 
                0x00003e50                . = ALIGN (0x4)
 *(.aec_data)
                0x00003e50                . = ALIGN (0x4)
 *(.res_data)
                0x00003e50                . = ALIGN (0x4)
 *(.ns_data)
                0x00003e50                . = ALIGN (0x4)
 *(.der_data)
                0x00003e50                . = ALIGN (0x4)
 *(.nlp_data)
                0x00003e50                . = ALIGN (0x4)
 *(.qmf_data)
                0x00003e50                . = ALIGN (0x4)
 *(.fft_data)
                0x00003e50                . = ALIGN (0x4)
 *(.bt_audioplc_data)
 *(.sms_data)
 *(.pcm_data)
 *(.g729_data)
 *(.g726_data)
 *(.wtg_dec_data)
 *(.mp3_data)
 *(.mp3_dec_data)
 *(.msbc_data)
 *(.mty_data)
 *(.mp3tsy_dec_data)
 *(.sbc_data)
 *(.sine_data)
 *(.wma_data)
 *(.wma_dec_data)
 *(.amr_data)
 *(.midi_data)
 *(.audio_decoder_data)
 *(.mp3_encode_data)
 *(.media_device_data)
 *(.audio_encoder_data)
 *(.mixer_data)
 *(.dec_server_data)
 *(.rec_server_data)
 *(.auto_mute_data)
 *(.plc_data)
 *(.wireless_sync_data)
 *(.resample_cal_data)
 *(.bt_compressor_data)
 *(.bt_crossOver_data)
 *(.bt_limiter_data)
 *(.bt_compressor_sparse_data)
 *(.bt_limiter_sparse_data)
 *(.bt_crossOver_sparse_data)
                0x00003e50                . = ALIGN (0x4)
 *(.dec2tws_mem)
                0x00003e50                . = ALIGN (0x4)
 *(.sbc_eng_code)
                0x00003e50                . = ALIGN (0x4)
                0x00003e50                media_data_end = .
                0x00003e50                driver_data_start = .
                0x00003e50                CLOCK_DATA_START = .
 *(.clock_data)
 .clock_data    0x00003e50       0x50 cpu\br23\tools\sdk.elf.o
                0x00000050                CLOCK_DATA_SIZE = ABSOLUTE ((. - CLOCK_DATA_START))
 *(.debug_data)
 *(.power_data)
 *(.uart_data)
                0x00003ea0                driver_data_end = .

.irq_stack      0x00003ea0      0x848
 *(.stack_magic)
 .stack_magic   0x00003ea0       0x10 cpu\br23\tools\sdk.elf.o
                0x00003ea0                stack_magic
                0x00003eb0                _cpu0_sstack_begin = .
                [!provide]                PROVIDE (cpu0_sstack_begin, .)
 *(.stack)
 .stack         0x00003eb0      0x800 include_lib/liba/br23/cpu.a(startup.o)
                0x000046b0                _stack
                0x000046b0                _cpu0_sstack_end = .
                [!provide]                PROVIDE (cpu0_sstack_end, .)
                0x000046b0                _stack_end = .
 *(.stack_magic0)
 .stack_magic0  0x000046b0       0x10 cpu\br23\tools\sdk.elf.o
                0x000046b0                stack_magic0
                0x000046c0                . = ALIGN (0x4)
 *(.boot_info)
 .boot_info     0x000046c0       0x28 cpu\br23\tools\sdk.elf.o

.bss            0x00004700     0x623c
 *(.bss)
 .bss           0x00004700     0x1934 cpu\br23\tools\sdk.elf.o
 *(COMMON)
 *(.volatile_ram)
                0x00006034                btctler_bss_start = .
                0x00006034                BTCTLER_CONTROLLER_BSS_START = .
 *(.bd_base)
 .bd_base       0x00006034     0x1064 cpu\br23\tools\sdk.elf.o
                0x00006034                bd_base
 *(.bredr_rxtx_bulk)
                0x00007098                acl_tx_pool = .
 *(.bredr_tx_bulk)
                0x00007c98                acl_tx_pool_end = (acl_tx_pool + 0xc00)
                0x00007c98                . = acl_tx_pool_end
 *fill*         0x00007098      0xc00 
                0x00007c98                acl_rx_pool = .
 *(.bredr_rx_bulk)
                0x00008c98                acl_rx_pool_end = (acl_rx_pool + 0x1000)
                0x00008c98                . = acl_rx_pool_end
 *fill*         0x00007c98     0x1000 
                0x00008c98                tws_bulk_pool = .
                0x00008c98                tws_bulk_pool_end = tws_bulk_pool
                0x00008c98                . = tws_bulk_pool_end
 *(.bt_rf_bss)
 .bt_rf_bss     0x00008c98       0x14 cpu\br23\tools\sdk.elf.o
 *(.hci_controller_bss)
 .hci_controller_bss
                0x00008cac       0x38 cpu\br23\tools\sdk.elf.o
 *(.hci_interface_bss)
 *(.device_manager_bss)
 *(.vendor_manager_bss)
                0x00002cb0                BTCTLER_CONTROLLER_BSS_SIZE = ABSOLUTE ((. - BTCTLER_CONTROLLER_BSS_START))
                0x00008ce4                BTCTLER_LE_CONTROLLER_BSS_START = .
 *(.ble_hci_bss)
 *(.ble_ll_bss)
 .ble_ll_bss    0x00008ce4      0x230 cpu\br23\tools\sdk.elf.o
 *(.ble_rf_bss)
 .ble_rf_bss    0x00008f14        0x4 cpu\br23\tools\sdk.elf.o
                0x00000234                BTCTLER_LE_CONTROLLER_BSS_SIZE = ABSOLUTE ((. - BTCTLER_LE_CONTROLLER_BSS_START))
                0x00008f18                BTCTLER_CL_BSS_START = .
 *(.classic_rf_bss)
 .classic_rf_bss
                0x00008f18       0xb8 cpu\br23\tools\sdk.elf.o
 *(.classic_lmp_bss)
 .classic_lmp_bss
                0x00008fd0      0x128 cpu\br23\tools\sdk.elf.o
 *(.classic_lmp_auth_bss)
 *(.classic_lmp_bigint_bss)
 *(.classic_lmp_crypt_bss)
 *(.classic_lmp_ecdh_bss)
 *(.classic_lmp_linkbulk_bss)
 *(.classic_lmp_hmac_bss)
 *(.classic_bb_bss)
 *(.classic_hci_bss)
                0x000001e0                BTCTLER_CL_BSS_SIZE = ABSOLUTE ((. - BTCTLER_CL_BSS_START))
                0x000090f8                btctler_bss_end = .
                0x000090f8                btstack_bss_start = .
 *(.bt_stack_bss)
 .bt_stack_bss  0x000090f8      0x36e cpu\br23\tools\sdk.elf.o
 *(.ble_db_bss)
 *fill*         0x00009466        0x2 
 .ble_db_bss    0x00009468       0x38 cpu\br23\tools\sdk.elf.o
 *(.ble_sm_bss)
 .ble_sm_bss    0x000094a0      0x1e0 cpu\br23\tools\sdk.elf.o
 *(.ble_att_bss)
 .ble_att_bss   0x00009680       0x3c cpu\br23\tools\sdk.elf.o
 *(.ble_gatt_bss)
 .ble_gatt_bss  0x000096bc       0x18 cpu\br23\tools\sdk.elf.o
 *(.btstack_pool)
 .btstack_pool  0x000096d4      0xda0 cpu\br23\tools\sdk.elf.o
                0x000096d4                app_bredr_pool
                0x00009c90                app_bredr_profile
                0x0000a0a8                app_l2cap_pool
                0x0000a0f0                app_le_pool
                0x0000a474                BTSTACK_LE_HOST_MESH_BSS_START = .
 *(.ble_mesh_bss)
 *(.ble_mesh_tinycrypt_bss)
                0x00000000                BTSTACK_LE_HOST_MESH_BSS_SIZE = ABSOLUTE ((. - BTSTACK_LE_HOST_MESH_BSS_START))
                0x0000a474                btstack_bss_end = .
                0x0000a474                system_bss_start = .
                0x0000a474                . = ALIGN (0x4)
 *(.os_bss)
 .os_bss        0x0000a474      0x114 cpu\br23\tools\sdk.elf.o
 *(.mem_heap)
 *(.memp_memory_x)
 *(.mem_bss)
 .mem_bss       0x0000a588      0x1bc cpu\br23\tools\sdk.elf.o
 *(.os_port_bss)
 .os_port_bss   0x0000a744       0x15 cpu\br23\tools\sdk.elf.o
                0x0000a744                uxCriticalNesting
 *(.uECC_bss)
 *(.ECDH_sample_bss)
                0x0000a759                system_bss_end = .
                0x0000a760                . = (((. + 0x1f) / 0x20) * 0x20)
 *fill*         0x0000a759        0x7 
                0x0000a760                . = ALIGN (0x4)
                0x0000a760                NVRAM_DATA_START = .
 *(.non_volatile_ram)
 .non_volatile_ram
                0x0000a760      0x174 cpu\br23\tools\sdk.elf.o
                0x00000174                NVRAM_DATA_SIZE = ABSOLUTE ((. - NVRAM_DATA_START))
                0x0000a8d4                . = ALIGN (0x4)
                0x0000a8d4                NVRAM_END = .
                0x0000a8d4                _nv_pre_begin = .
 *(.src_filt)
 *(.src_dma)
                0x0000a8d4                . = ALIGN (0x4)
                0x0000a8d4                update_bss_start = .
 *(.update_bss)
 .update_bss    0x0000a8d4       0x24 cpu\br23\tools\sdk.elf.o
                0x0000a8f8                update_bss_end = .
                0x0000a8f8                media_bss_start = .
                0x0000a8f8                . = ALIGN (0x4)
 *(.aec_bss)
 *(.res_bss)
 *(.ns_bss)
 *(.der_bss)
 *(.nlp_bss)
 *(.qmf_bss)
 *(.bt_audioplc_bss)
 *(.fft_bss)
 *(.sms_bss)
 *(.pcm_bss)
 *(.g729_bss)
 *(.g726_bss)
 *(.wtg_dec_bss)
 *(.mp3_bss)
 *(.mp3_dec_bss)
 *(.msbc_bss)
 *(.mty_bss)
 *(.mp3tsy_dec_bss)
 *(.sbc_bss)
 *(.sine_bss)
 *(.wma_bss)
 *(.wma_dec_bss)
 *(.amr_bss)
 *(.midi_bss)
 *(.audio_decoder_bss)
 *(.mp3_encode_bss)
 *(.media_device_bss)
 *(.audio_encoder_bss)
 *(.mixer_bss)
 *(.dec_server_bss)
 *(.rec_server_bss)
 *(.auto_mute_bss)
 *(.plc_bss)
 *(.wireless_sync_bss)
 *(.audio_buf)
 *(.resample_cal_bss)
 *(.bt_crossOver_bss)
 *(.bt_compressor_bss)
 *(.bt_limiter_bss)
 *(.bt_limiter_sparse_bss)
 *(.bt_crossOver_sparse_bss)
 *(.bt_compressor_sparse_bss)
                0x0000a8f8                media_bss_end = .
                0x0000a8f8                driver_bss_start = .
                0x0000a8f8                CLOCK_BSS_START = .
 *(.clock_bss)
 .clock_bss     0x0000a8f8       0x44 cpu\br23\tools\sdk.elf.o
                0x00000044                CLOCK_BSS_SIZE = ABSOLUTE ((. - CLOCK_BSS_START))
 *(.debug_bss)
 *(.power_bss)
 *(.uart_bss)
 *(.sd_var)
                0x0000a93c                driver_bss_end = .
                0x0000a93c                _cpu_store_end = .
                0x0000a93c                _prp_store_begin = .

.prp_bss        0x0000a940        0x0
                0x0000a940                . = (((. + 0x1f) / 0x20) * 0x20)
                0x0000a940                _prp_store_end = .
                0x0000a940                overlay_begin = .

.overlay_aec    0x0000a93c        0x0 load address 0x00200000
 *(.cvsd_data)
 *(.cvsd_const)
 *(.cvsd_code)
 *(.aec_bss_id)
                0x0000a93c                o_aec_end = .
 *(.cvsd_codec)
 *(.aec_mem)
 *(.msbc_enc)
 *(.cvsd_bss)
 *(.usb_audio_play_dma)
 *(.usb_audio_rec_dma)
 *(.uac_rx)
 *(.mass_storage)
 *(.usb_ep0)
 *(.usb_msd_dma)
 *(.usb_hid_dma)
 *(.usb_iso_dma)
 *(.uac_var)
 *(.usb_config_var)
                [!provide]                PROVIDE (__load_start_overlay_aec, LOADADDR (.overlay_aec))
                [!provide]                PROVIDE (__load_stop_overlay_aec, (LOADADDR (.overlay_aec) + SIZEOF (.overlay_aec)))

.overlay_mp3    0x0000a93c        0x0 load address 0x00200000
 *(.mp3_bss_id)
                0x0000a93c                o_mp3_end = .
 *(.mp3_mem)
 *(.mp3_ctrl_mem)
 *(.mp3pick_mem)
 *(.mp3pick_ctrl_mem)
                [!provide]                PROVIDE (__load_start_overlay_mp3, LOADADDR (.overlay_mp3))
                [!provide]                PROVIDE (__load_stop_overlay_mp3, (LOADADDR (.overlay_mp3) + SIZEOF (.overlay_mp3)))

.overlay_wma    0x0000a93c        0x0 load address 0x00200000
 *(.wma_bss_id)
                0x0000a93c                o_wma_end = .
 *(.wma_mem)
 *(.wma_ctrl_mem)
 *(.wmapick_mem)
 *(.wmapick_ctrl_mem)
                [!provide]                PROVIDE (__load_start_overlay_wma, LOADADDR (.overlay_wma))
                [!provide]                PROVIDE (__load_stop_overlay_wma, (LOADADDR (.overlay_wma) + SIZEOF (.overlay_wma)))

.overlay_wav    0x0000a93c        0x0 load address 0x00200000
 *(.wav_dec_sparse_code)
 *(.wav_dec_sparse_const)
 *(.wav_dec_code)
 *(.wav_dec_const)
 *(.wav_dec_data)
 *(.wav_data)
 *(.wav_const)
 *(.wav_code)
 *(.wav_bss_id)
 *(.wav_bss)
 *(.wav_dec_bss)
 *(.wav_mem)
 *(.wav_ctrl_mem)
                [!provide]                PROVIDE (__load_start_overlay_wav, LOADADDR (.overlay_wav))
                [!provide]                PROVIDE (__load_stop_overlay_wav, (LOADADDR (.overlay_wav) + SIZEOF (.overlay_wav)))

.overlay_ape    0x0000a93c        0x0 load address 0x00200000
 *(.ape_mem)
 *(.ape_ctrl_mem)
 *(.ape_dec_sparse_code)
 *(.ape_dec_sparse_const)
 *(.ape_dec_code)
 *(.ape_dec_const)
 *(.ape_dec_data)
 *(.ape_dec_bss)
 *(.ape_bss_id)
 *(.ape_bss)
 *(.ape_data)
 *(.ape_const)
 *(.ape_code)
                [!provide]                PROVIDE (__load_start_overlay_ape, LOADADDR (.overlay_ape))
                [!provide]                PROVIDE (__load_stop_overlay_ape, (LOADADDR (.overlay_ape) + SIZEOF (.overlay_ape)))

.overlay_flac   0x0000a93c        0x0 load address 0x00200000
 *(.flac_dec_sparse_code)
 *(.flac_dec_sparse_const)
 *(.flac_dec_code)
 *(.flac_dec_const)
 *(.flac_dec_data)
 *(.flac_data)
 *(.flac_const)
 *(.flac_code)
 *(.flac_bss_id)
 *(.flac_mem)
 *(.flac_ctrl_mem)
 *(.flac_dec_bss)
 *(.flac_bss)
                [!provide]                PROVIDE (__load_start_overlay_flac, LOADADDR (.overlay_flac))
                [!provide]                PROVIDE (__load_stop_overlay_flac, (LOADADDR (.overlay_flac) + SIZEOF (.overlay_flac)))

.overlay_m4a    0x0000a93c        0x0 load address 0x00200000
 *(.m4a_dec_code)
 *(.m4a_dec_ff_const)
 *(.m4a_dec_const)
 *(.m4a_dec_data)
 *(.m4a_data)
 *(.m4a_const)
 *(.m4a_code)
 *(.m4a_bss_id)
 *(.m4a_mem)
 *(.m4a_ctrl_mem)
 *(.m4a_dec_bss)
 *(.m4a_bss)
 *(.aac_ctrl_mem)
 *(.aac_bss)
                [!provide]                PROVIDE (__load_start_overlay_m4a, LOADADDR (.overlay_m4a))
                [!provide]                PROVIDE (__load_stop_overlay_m4a, (LOADADDR (.overlay_m4a) + SIZEOF (.overlay_m4a)))

.overlay_amr    0x0000a93c        0x0 load address 0x00200000
 *(.amr_dec_sparse_code)
 *(.amr_dec_sparse_const)
 *(.amr_dec_code)
 *(.amr_dec_data)
 *(.amr_bss_id)
 *(.amr_mem)
 *(.amr_ctrl_mem)
 *(.amr_dec_bss)
                [!provide]                PROVIDE (__load_start_overlay_amr, LOADADDR (.overlay_amr))
                [!provide]                PROVIDE (__load_stop_overlay_amr, (LOADADDR (.overlay_amr) + SIZEOF (.overlay_amr)))

.overlay_dts    0x0000a93c        0x0 load address 0x00200000
 *(.dts_dec_code)
 *(.dts_dec_data)
 *(.dts_data)
 *(.dts_const)
 *(.dts_code)
 *(.dts_bss_id)
 *(.dts_mem)
 *(.dts_ctrl_mem)
 *(.dts_dec_bss)
 *(.dts_bss)
                [!provide]                PROVIDE (__load_start_overlay_dts, LOADADDR (.overlay_dts))
                [!provide]                PROVIDE (__load_stop_overlay_dts, (LOADADDR (.overlay_dts) + SIZEOF (.overlay_dts)))

.overlay_fm     0x0000a93c        0x0 load address 0x00200000
 *(.fm_code)
 *(.fm_bss_id)
                0x0000a93c                o_fm_end = .
 *(.fm_mem)
 *(.linein_pcm_mem)
                [!provide]                PROVIDE (__load_start_overlay_fm, LOADADDR (.overlay_fm))
                [!provide]                PROVIDE (__load_stop_overlay_fm, (LOADADDR (.overlay_fm) + SIZEOF (.overlay_fm)))

.overlay_pc     0x0000a93c        0x0 load address 0x00200000
                [!provide]                PROVIDE (__load_start_overlay_pc, LOADADDR (.overlay_pc))
                [!provide]                PROVIDE (__load_stop_overlay_pc, (LOADADDR (.overlay_pc) + SIZEOF (.overlay_pc)))
                0x0000a93c                overlay_end = .
                0x00000001                ASSERT ((overlay_end <= (overlay_begin + 0x10000)), overlay overflow 64k!)
                0x0000a93c                RAM_USED = .
                0x0002c000                . = ORIGIN (ram1)

.mmu_tlb        0x0002c000      0xc00
 *(.mmu_tlb_segment)
 .mmu_tlb_segment
                0x0002c000      0xc00 cpu\br23\tools\sdk.elf.o

.bss1           0x0002cc00        0x0
                0x0002cc00                RAM1_USED = .
                0x00000094                DRIVER_RAM_TOTAL = ((driver_data_end - driver_data_start) + (driver_bss_end - driver_bss_start))
                0x000005aa                DRIVER_CODE_TOTAL = (driver_code_end - driver_code_start)
                0x01e000c0                text_begin = ADDR (.text)
                0x0002e1ec                text_size = SIZEOF (.text)
                0x01e2e2ac                text_end = (ADDR (.text) + SIZEOF (.text))
                0x00004700                bss_begin = ADDR (.bss)
                0x0000623c                bss_size = SIZEOF (.bss)
                0x0002cc00                bss1_begin = ADDR (.bss1)
                0x00000000                bss1_size = SIZEOF (.bss1)
                0x00000000                data_addr = ADDR (.data)
                0x01e2e2ac                data_begin = (text_begin + text_size)
                0x00003ea0                data_size = SIZEOF (.data)
                0x00800000                psram_vaddr = ADDR (.psram_text)
                0x01e3214c                psram_laddr = ((text_begin + text_size) + data_size)
                0x00000000                psram_text_size = SIZEOF (.psram_text)
                0x01e3214c                bank_code_load_addr = (data_begin + data_size)
                0x0000a93c                aec_addr = ADDR (.overlay_aec)
                0x01e3214c                aec_begin = ((text_begin + text_size) + data_size)
                0x00000000                aec_size = (o_aec_end - aec_addr)
                0x0000a93c                wav_addr = ADDR (.overlay_wav)
                0x01e3214c                wav_begin = (aec_begin + aec_size)
                0x00000000                wav_size = SIZEOF (.overlay_wav)
                0x0000a93c                ape_addr = ADDR (.overlay_ape)
                0x01e3214c                ape_begin = (wav_begin + wav_size)
                0x00000000                ape_size = SIZEOF (.overlay_ape)
                0x0000a93c                flac_addr = ADDR (.overlay_flac)
                0x01e3214c                flac_begin = (ape_begin + ape_size)
                0x00000000                flac_size = SIZEOF (.overlay_flac)
                0x0000a93c                m4a_addr = ADDR (.overlay_m4a)
                0x01e3214c                m4a_begin = (flac_begin + flac_size)
                0x00000000                m4a_size = SIZEOF (.overlay_m4a)
                0x0000a93c                amr_addr = ADDR (.overlay_amr)
                0x01e3214c                amr_begin = (m4a_begin + m4a_size)
                0x00000000                amr_size = SIZEOF (.overlay_amr)
                0x0000a93c                dts_addr = ADDR (.overlay_dts)
                0x01e3214c                dts_begin = (amr_begin + amr_size)
                0x00000000                dts_size = SIZEOF (.overlay_dts)
                0x0000a93c                fm_addr = ADDR (.overlay_fm)
                0x01e3214c                fm_begin = (dts_begin + dts_size)
                0x00000000                fm_size = (o_fm_end - fm_addr)
                0x0000a93c                _HEAP_BEGIN = RAM_USED
                0x0000a93c                PROVIDE (HEAP_BEGIN, RAM_USED)
                0x0002bf00                _HEAP_END = RAM_END
                0x0002bf00                PROVIDE (HEAP_END, RAM_END)
                0x000215c4                _HEAP_SIZE = (HEAP_END - HEAP_BEGIN)
                0x000215c4                PROVIDE (HEAP_SIZE, (HEAP_END - HEAP_BEGIN))
                0x0002cc00                _HEAP1_BEGIN = RAM1_USED
                0x0002cc00                PROVIDE (HEAP1_BEGIN, RAM1_USED)
                0x0002ff80                _HEAP1_END = RAM1_END
                0x0002ff80                PROVIDE (HEAP1_END, RAM1_END)
                0x00003380                _HEAP1_SIZE = (HEAP1_END - HEAP1_BEGIN)
                0x00003380                PROVIDE (HEAP1_SIZE, (HEAP1_END - HEAP1_BEGIN))
                0x00024944                _MALLOC_SIZE = (HEAP_SIZE + HEAP1_SIZE)
                [!provide]                PROVIDE (MALLOC_SIZE, (HEAP_SIZE + HEAP1_SIZE))
LOAD C:\JL\pi32\pi32v2-lib\r3\libm.a
LOAD C:\JL\pi32\pi32v2-lib\r3\libc.a
LOAD C:\JL\pi32\pi32v2-lib\r3\libm.a
LOAD C:\JL\pi32\pi32v2-lib\r3\libcompiler-rt.a
OUTPUT(cpu\br23\tools\sdk.elf elf32-pi32v2)

.debug_str      0x00000000    0x31a08
 .debug_str     0x00000000    0x31a08 cpu\br23\tools\sdk.elf.o
                              0x34f6c (size before relaxing)

.debug_loc      0x00000000    0x2161e
 .debug_loc     0x00000000    0x2161e cpu\br23\tools\sdk.elf.o

.debug_abbrev   0x00000000     0x1049
 .debug_abbrev  0x00000000     0x1023 cpu\br23\tools\sdk.elf.o
 .debug_abbrev  0x00001023       0x26 include_lib/liba/br23/cpu.a(startup.o)

.debug_info     0x00000000    0x86a84
 .debug_info    0x00000000    0x86857 cpu\br23\tools\sdk.elf.o
 .debug_info    0x00086857      0x22d include_lib/liba/br23/cpu.a(startup.o)

.debug_ranges   0x00000000     0x48f0
 .debug_ranges  0x00000000     0x48c8 cpu\br23\tools\sdk.elf.o
 .debug_ranges  0x000048c8       0x28 include_lib/liba/br23/cpu.a(startup.o)

.debug_macinfo  0x00000000        0x1
 .debug_macinfo
                0x00000000        0x1 cpu\br23\tools\sdk.elf.o

.debug_pubnames
                0x00000000    0x1944a
 .debug_pubnames
                0x00000000    0x1944a cpu\br23\tools\sdk.elf.o

.debug_pubtypes
                0x00000000     0xd8c9
 .debug_pubtypes
                0x00000000     0xd8c9 cpu\br23\tools\sdk.elf.o

.debug_frame    0x00000000     0xa8e0
 .debug_frame   0x00000000     0xa8e0 cpu\br23\tools\sdk.elf.o

.debug_line     0x00000000    0x3bf09
 .debug_line    0x00000000    0x3bda0 cpu\br23\tools\sdk.elf.o
 .debug_line    0x0003bda0      0x13d include_lib/liba/br23/cpu.a(startup.o)
 .debug_line    0x0003bedd       0x2c include_lib/liba/br23/update.a(version.z.o)

.debug_aranges  0x00000000       0x28
 .debug_aranges
                0x00000000       0x28 include_lib/liba/br23/cpu.a(startup.o)
